

Hello PDF!

This is a test PDF file created for testing the Go PDF converter.
If you can read this text after conversion, everything works correctly!